[2026-05-08T10:41:58+03:00] A2 loop starting (interval=180s, cap=21600s)
[2026-05-08T10:41:58+03:00] iteration 1 — collecting snapshot
wrote /home/alperen/deckent-dev/docs/audits/sprint-161/cc-monitor/A2-worker-honesty.md
[2026-05-08T10:41:59+03:00] sleeping 180s
[2026-05-08T10:45:02+03:00] iteration 2 — collecting snapshot
wrote /home/alperen/deckent-dev/docs/audits/sprint-161/cc-monitor/A2-worker-honesty.md
[2026-05-08T10:45:03+03:00] sleeping 180s
[2026-05-08T10:48:05+03:00] iteration 3 — collecting snapshot
wrote /home/alperen/deckent-dev/docs/audits/sprint-161/cc-monitor/A2-worker-honesty.md
[2026-05-08T10:48:06+03:00] sleeping 180s
[2026-05-08T10:51:09+03:00] iteration 4 — collecting snapshot
wrote /home/alperen/deckent-dev/docs/audits/sprint-161/cc-monitor/A2-worker-honesty.md
[2026-05-08T10:51:10+03:00] sleeping 180s
[2026-05-08T10:54:12+03:00] iteration 5 — collecting snapshot
wrote /home/alperen/deckent-dev/docs/audits/sprint-161/cc-monitor/A2-worker-honesty.md
[2026-05-08T10:54:13+03:00] sleeping 180s
[2026-05-08T10:57:16+03:00] iteration 6 — collecting snapshot
wrote /home/alperen/deckent-dev/docs/audits/sprint-161/cc-monitor/A2-worker-honesty.md
[2026-05-08T10:57:17+03:00] sleeping 180s
[2026-05-08T11:00:20+03:00] iteration 7 — collecting snapshot
wrote /home/alperen/deckent-dev/docs/audits/sprint-161/cc-monitor/A2-worker-honesty.md
[2026-05-08T11:00:20+03:00] sleeping 180s
[2026-05-08T11:03:23+03:00] iteration 8 — collecting snapshot
wrote /home/alperen/deckent-dev/docs/audits/sprint-161/cc-monitor/A2-worker-honesty.md
[2026-05-08T11:03:24+03:00] sleeping 180s
[2026-05-08T11:06:27+03:00] iteration 9 — collecting snapshot
wrote /home/alperen/deckent-dev/docs/audits/sprint-161/cc-monitor/A2-worker-honesty.md
[2026-05-08T11:06:27+03:00] sleeping 180s
[2026-05-08T11:09:30+03:00] iteration 10 — collecting snapshot
wrote /home/alperen/deckent-dev/docs/audits/sprint-161/cc-monitor/A2-worker-honesty.md
[2026-05-08T11:09:31+03:00] sleeping 180s
[2026-05-08T11:12:34+03:00] iteration 11 — collecting snapshot
wrote /home/alperen/deckent-dev/docs/audits/sprint-161/cc-monitor/A2-worker-honesty.md
[2026-05-08T11:12:34+03:00] sleeping 180s
[2026-05-08T11:15:37+03:00] iteration 12 — collecting snapshot
wrote /home/alperen/deckent-dev/docs/audits/sprint-161/cc-monitor/A2-worker-honesty.md
[2026-05-08T11:15:38+03:00] sleeping 180s
[2026-05-08T11:18:41+03:00] iteration 13 — collecting snapshot
wrote /home/alperen/deckent-dev/docs/audits/sprint-161/cc-monitor/A2-worker-honesty.md
[2026-05-08T11:18:41+03:00] sleeping 180s
[2026-05-08T11:21:44+03:00] iteration 14 — collecting snapshot
wrote /home/alperen/deckent-dev/docs/audits/sprint-161/cc-monitor/A2-worker-honesty.md
[2026-05-08T11:21:45+03:00] sleeping 180s
[2026-05-08T11:24:47+03:00] iteration 15 — collecting snapshot
wrote /home/alperen/deckent-dev/docs/audits/sprint-161/cc-monitor/A2-worker-honesty.md
[2026-05-08T11:24:49+03:00] sleeping 180s
[2026-05-08T11:27:51+03:00] iteration 16 — collecting snapshot
wrote /home/alperen/deckent-dev/docs/audits/sprint-161/cc-monitor/A2-worker-honesty.md
[2026-05-08T11:27:52+03:00] sleeping 180s
[2026-05-08T11:30:54+03:00] iteration 17 — collecting snapshot
wrote /home/alperen/deckent-dev/docs/audits/sprint-161/cc-monitor/A2-worker-honesty.md
[2026-05-08T11:30:55+03:00] sleeping 180s
[2026-05-08T11:33:58+03:00] iteration 18 — collecting snapshot
wrote /home/alperen/deckent-dev/docs/audits/sprint-161/cc-monitor/A2-worker-honesty.md
[2026-05-08T11:33:58+03:00] sleeping 180s
[2026-05-08T11:37:01+03:00] iteration 19 — collecting snapshot
wrote /home/alperen/deckent-dev/docs/audits/sprint-161/cc-monitor/A2-worker-honesty.md
[2026-05-08T11:37:02+03:00] sleeping 180s
[2026-05-08T11:40:05+03:00] iteration 20 — collecting snapshot
wrote /home/alperen/deckent-dev/docs/audits/sprint-161/cc-monitor/A2-worker-honesty.md
[2026-05-08T11:40:05+03:00] sleeping 180s
[2026-05-08T11:43:08+03:00] iteration 21 — collecting snapshot
wrote /home/alperen/deckent-dev/docs/audits/sprint-161/cc-monitor/A2-worker-honesty.md
[2026-05-08T11:43:08+03:00] sleeping 180s
[2026-05-08T11:46:11+03:00] iteration 22 — collecting snapshot
wrote /home/alperen/deckent-dev/docs/audits/sprint-161/cc-monitor/A2-worker-honesty.md
[2026-05-08T11:46:12+03:00] sleeping 180s
[2026-05-08T11:49:14+03:00] iteration 23 — collecting snapshot
wrote /home/alperen/deckent-dev/docs/audits/sprint-161/cc-monitor/A2-worker-honesty.md
[2026-05-08T11:49:14+03:00] TERMINATE: RETRO.md mentions Sprint 161 header
[2026-05-08T11:49:14+03:00] loop terminating after iteration 23
wrote /home/alperen/deckent-dev/docs/audits/sprint-161/cc-monitor/A2-worker-honesty.md
[2026-05-08T11:49:14+03:00] A2 loop complete — 23 iterations
